test tablespace               ... ok
parallel group (20 tests):  oid name varchar pg_lsn float4 txid char text regproc int2 boolean money uuid bit float8 int4 int8 enum rangetypes numeric
     boolean                  ... ok
     char                     ... ok
     name                     ... ok
     varchar                  ... ok
     text                     ... ok
     int2                     ... ok
     int4                     ... ok
     int8                     ... ok
     oid                      ... ok
     float4                   ... ok
     float8                   ... ok
     bit                      ... ok
     numeric                  ... ok
     txid                     ... ok
     uuid                     ... ok
     enum                     ... ok
     money                    ... ok
     rangetypes               ... ok
     pg_lsn                   ... ok
     regproc                  ... ok
test strings                  ... ok
test numerology               ... ok
parallel group (20 tests):  comments path lseg reltime timetz tinterval box abstime time polygon date circle macaddr point tstypes line inet interval timestamp timestamptz
     point                    ... ok
     lseg                     ... ok
     line                     ... ok
     box                      ... ok
     path                     ... ok
     polygon                  ... ok
     circle                   ... ok
     date                     ... ok
     time                     ... ok
     timetz                   ... ok
     timestamp                ... ok
     timestamptz              ... ok
     interval                 ... ok
     abstime                  ... ok
     reltime                  ... ok
     tinterval                ... ok
     inet                     ... ok
     macaddr                  ... ok
     tstypes                  ... ok
     comments                 ... ok
parallel group (6 tests):  geometry regex type_sanity horology oidjoins opr_sanity
     geometry                 ... ok
     horology                 ... ok
     regex                    ... ok
     oidjoins                 ... ok
     type_sanity              ... ok
     opr_sanity               ... ok
test insert                   ... ok
test create_function_1        ... ok
test create_type              ... ok
test create_table             ... ok
test create_function_2        ... ok
parallel group (2 tests):  copyselect copy
     copy                     ... ok
     copyselect               ... ok
parallel group (2 tests):  create_operator create_misc
     create_misc              ... ok
     create_operator          ... ok
parallel group (2 tests):  create_view create_index
     create_index             ... FAILED
     create_view              ... ok
parallel group (11 tests):  create_cast create_aggregate drop_if_exists create_function_3 typed_table vacuum create_table_like constraints inherit triggers updatable_views
     create_aggregate         ... ok
     create_function_3        ... ok
     create_cast              ... ok
     constraints              ... ok
     triggers                 ... ok
     inherit                  ... ok
     create_table_like        ... ok
     typed_table              ... ok
     vacuum                   ... ok
     drop_if_exists           ... ok
     updatable_views          ... ok
test sanity_check             ... ok
test errors                   ... ok
test select                   ... ok
parallel group (20 tests):  select_having case select_distinct_on select_distinct random namespace hash_index delete select_implicit update select_into btree_index union portals subselect arrays aggregates join prepared_xacts transactions
     select_into              ... ok
     select_distinct          ... ok
     select_distinct_on       ... ok
     select_implicit          ... ok
     select_having            ... ok
     subselect                ... ok
     union                    ... ok
     case                     ... ok
     join                     ... ok
     aggregates               ... ok
     transactions             ... ok
     random                   ... ok
     portals                  ... ok
     arrays                   ... ok
     btree_index              ... ok
     hash_index               ... ok
     update                   ... ok
     namespace                ... ok
     prepared_xacts           ... ok
     delete                   ... ok
parallel group (11 tests):  lock security_label replica_identity collate gist brin gin rowsecurity privileges spgist matview
     brin                     ... ok
     gin                      ... FAILED
     gist                     ... ok
     spgist                   ... ok
     privileges               ... ok
     security_label           ... ok
     collate                  ... ok
     matview                  ... ok
     lock                     ... ok
     replica_identity         ... ok
     rowsecurity              ... ok
parallel group (4 tests):  async psql alter_generic misc
     alter_generic            ... ok
     misc                     ... ok
     psql                     ... ok
     async                    ... ok
test rules                    ... ok
test event_trigger            ... ok
parallel group (19 tests):  combocid advisory_lock portals_p2 xmlmap tsdicts functional_deps guc equivclass json dependency tsearch jsonb window cluster select_views foreign_data bitmapops indirect_toast foreign_key
     select_views             ... ok
     portals_p2               ... ok
     foreign_key              ... ok
     cluster                  ... ok
     dependency               ... ok
     guc                      ... ok
     bitmapops                ... ok
     combocid                 ... ok
     tsearch                  ... FAILED
     tsdicts                  ... ok
     foreign_data             ... ok
     window                   ... ok
     xmlmap                   ... ok
     functional_deps          ... ok
     advisory_lock            ... ok
     json                     ... ok
     jsonb                    ... FAILED
     indirect_toast           ... ok
     equivclass               ... ok
parallel group (19 tests):  limit prepare conversion xml plancache returning temp copy2 without_oid sequence rowtypes truncate with domain polymorphism rangefuncs largeobject alter_table plpgsql
     plancache                ... ok
     limit                    ... ok
     plpgsql                  ... ok
     copy2                    ... ok
     temp                     ... ok
     domain                   ... ok
     rangefuncs               ... ok
     prepare                  ... ok
     without_oid              ... ok
     conversion               ... ok
     truncate                 ... ok
     alter_table              ... ok
     sequence                 ... ok
     polymorphism             ... ok
     rowtypes                 ... ok
     returning                ... ok
     largeobject              ... ok
     with                     ... ok
     xml                      ... ok
test stats                    ... ok
